full J 2-layer (4608, 4608) eig time 9.28831696510315
{'dim': [4608, 4608], 'n_eig_nonzero(|l|>1e-6)': 3072, 'n_analytic': 3072, 'max_abs_diff_sorted_moduli': 1.2878587085651816e-13, 'numeric_spectral_radius': 0.9989046081232865, 'analytic_spectral_radius': 0.9989046081232621, 'numeric_sigma_max': 6.063368979737519, 'n_eig_abs<1e-6': 1536, 'max_abs_eig_among_expected_zero_modes': 2.4330218399114653e-15}
natural_A 1 [19.6875, 15.8981, 13.1474, 9.0397, 8.5913, 8.0506]
natural_A 5 [16.8663, 14.209, 11.0908, 10.5897, 9.969, 8.9502]
natural_A 10 [21.0968, 15.5466, 14.8008, 13.0515, 10.568, 9.4076]
natural_A 25 [15.617, 8.3077, 8.1208, 7.0061, 6.4522, 6.2124]
natural_A 50 [17.1827, 16.1459, 11.9177, 9.9578, 8.3895, 7.4494]
natural_A 100 [14.2892, 12.3078, 10.316, 8.895, 7.7596, 6.2083]
natural_A 200 [20.4343, 8.9155, 7.7648, 5.621, 5.5034, 5.2322]
natural_A 400 [19.9063, 12.6684, 8.5484, 8.139, 6.9946, 6.081]
natural_A 599 [9.6344, 5.3536, 5.2268, 5.2045, 5.0038, 4.8057]
natural_B 1 [19.6268, 14.9897, 11.7406, 10.2897, 10.1662, 9.1105]
natural_B 5 [28.7531, 25.8573, 18.7547, 17.7024, 16.4251, 15.693]
natural_B 10 [17.8955, 14.3873, 10.0844, 9.4759, 8.7, 7.6171]
natural_B 25 [49.0192, 33.3439, 26.0214, 24.712, 23.8055, 19.8207]
natural_B 50 [22.5364, 20.2132, 13.5119, 12.5634, 11.4417, 11.0353]
natural_B 100 [19.4818, 12.1458, 8.4194, 7.558, 6.4212, 6.1438]
natural_B 200 [23.5234, 11.9292, 9.6222, 8.2927, 8.2518, 7.2997]
natural_B 400 [19.2706, 15.4554, 9.7478, 7.3051, 6.7673, 6.6253]
natural_B 599 [34.503, 20.5889, 18.7153, 16.6632, 15.2771, 14.617]
repeat_token 1 [27.2118, 22.7445, 13.2386, 12.0825, 11.04, 9.9257]
repeat_token 5 [23.1697, 18.62, 10.6068, 10.2169, 8.9044, 8.5875]
repeat_token 10 [21.5793, 18.8333, 10.1928, 9.8943, 8.8792, 8.3006]
repeat_token 25 [21.8056, 19.7494, 10.688, 9.6225, 9.167, 8.0505]
repeat_token 50 [21.6991, 19.7022, 10.605, 9.591, 9.3488, 7.9557]
repeat_token 100 [21.1521, 19.8563, 10.4179, 9.5638, 9.4226, 8.0741]
repeat_token 200 [20.8419, 20.2742, 10.3943, 9.687, 9.3003, 8.2947]
repeat_token 400 [20.2355, 19.5602, 10.3188, 9.3026, 9.0597, 8.0394]
repeat_token 599 [20.0001, 19.4072, 10.0661, 9.4418, 9.0564, 8.1676]
uniform_random_tokens 1 [21.6581, 17.9659, 13.8821, 12.3414, 11.8151, 10.9823]
uniform_random_tokens 5 [19.201, 13.6845, 9.7427, 9.5349, 8.8936, 8.7966]
uniform_random_tokens 10 [23.9546, 17.1034, 13.4916, 10.6532, 9.9517, 9.6194]
uniform_random_tokens 25 [18.7679, 11.0023, 9.3243, 7.7062, 7.1421, 6.3697]
uniform_random_tokens 50 [19.5199, 10.334, 9.2692, 8.5835, 8.1252, 7.9891]
uniform_random_tokens 100 [20.342, 11.9426, 10.8993, 8.7466, 7.7935, 6.5383]
uniform_random_tokens 200 [26.664, 15.358, 11.0023, 10.9347, 10.8507, 9.8264]
uniform_random_tokens 400 [40.1373, 28.3947, 22.1989, 19.6569, 18.5186, 18.0031]
uniform_random_tokens 599 [47.6507, 26.8026, 26.4492, 22.419, 20.6385, 19.2452]
saved 02_jacobian.json
