tok-subst ctx 0 random_token M(k): [np.float64(1.3806), np.float64(1.0786), np.float64(0.7321), np.float64(0.3965), np.float64(0.1533), np.float64(0.0691), np.float64(0.0411), np.float64(0.023)]
tok-subst ctx 0 common_token M(k): [np.float64(1.418), np.float64(1.1268), np.float64(0.7455), np.float64(0.3877), np.float64(0.1396), np.float64(0.0574), np.float64(0.0254), np.float64(0.0112)]
tok-subst ctx 0 rare_token M(k): [np.float64(1.3985), np.float64(1.0855), np.float64(0.7054), np.float64(0.3712), np.float64(0.1508), np.float64(0.08), np.float64(0.0552), np.float64(0.0335)]
tok-subst ctx 1 random_token M(k): [np.float64(1.6155), np.float64(1.3004), np.float64(0.8867), np.float64(0.5013), np.float64(0.1058), np.float64(0.0427), np.float64(0.0236), np.float64(0.0137)]
tok-subst ctx 1 common_token M(k): [np.float64(1.3841), np.float64(1.1494), np.float64(0.7807), np.float64(0.4343), np.float64(0.0905), np.float64(0.0438), np.float64(0.0317), np.float64(0.0182)]
tok-subst ctx 1 rare_token M(k): [np.float64(1.5831), np.float64(1.3375), np.float64(0.9391), np.float64(0.5635), np.float64(0.1585), np.float64(0.083), np.float64(0.0572), np.float64(0.037)]
tok-subst ctx 2 random_token M(k): [np.float64(1.3166), np.float64(0.9038), np.float64(0.5747), np.float64(0.2526), np.float64(0.0624), np.float64(0.0402), np.float64(0.0244), np.float64(0.0133)]
tok-subst ctx 2 common_token M(k): [np.float64(0.9685), np.float64(0.678), np.float64(0.4445), np.float64(0.2429), np.float64(0.066), np.float64(0.0309), np.float64(0.0138), np.float64(0.0067)]
tok-subst ctx 2 rare_token M(k): [np.float64(1.2271), np.float64(0.8487), np.float64(0.5448), np.float64(0.2465), np.float64(0.0639), np.float64(0.0389), np.float64(0.0219), np.float64(0.0115)]
tok-subst ctx 3 random_token M(k): [np.float64(1.7475), np.float64(1.3297), np.float64(0.8291), np.float64(0.3451), np.float64(0.1038), np.float64(0.0727), np.float64(0.0766), np.float64(0.0619)]
tok-subst ctx 3 common_token M(k): [np.float64(1.5607), np.float64(1.1624), np.float64(0.7298), np.float64(0.307), np.float64(0.0858), np.float64(0.0542), np.float64(0.0436), np.float64(0.0277)]
tok-subst ctx 3 rare_token M(k): [np.float64(1.8604), np.float64(1.6871), np.float64(1.084), np.float64(0.4634), np.float64(0.095), np.float64(0.047), np.float64(0.0328), np.float64(0.0185)]
tok-subst ctx 4 random_token M(k): [np.float64(1.2256), np.float64(0.9235), np.float64(0.6479), np.float64(0.3189), np.float64(0.1069), np.float64(0.0617), np.float64(0.0362), np.float64(0.0176)]
tok-subst ctx 4 common_token M(k): [np.float64(1.2949), np.float64(0.9572), np.float64(0.6407), np.float64(0.2971), np.float64(0.0802), np.float64(0.0419), np.float64(0.0214), np.float64(0.0092)]
tok-subst ctx 4 rare_token M(k): [np.float64(1.3168), np.float64(0.9727), np.float64(0.6428), np.float64(0.2895), np.float64(0.0706), np.float64(0.0387), np.float64(0.0219), np.float64(0.0111)]
tok-subst ctx 5 random_token M(k): [np.float64(1.1747), np.float64(0.9332), np.float64(0.7182), np.float64(0.3998), np.float64(0.1943), np.float64(0.1114), np.float64(0.0761), np.float64(0.0434)]
tok-subst ctx 5 common_token M(k): [np.float64(1.4039), np.float64(1.0823), np.float64(0.8186), np.float64(0.4045), np.float64(0.1436), np.float64(0.0627), np.float64(0.0352), np.float64(0.0195)]
tok-subst ctx 5 rare_token M(k): [np.float64(1.4292), np.float64(1.151), np.float64(0.89), np.float64(0.4913), np.float64(0.2141), np.float64(0.099), np.float64(0.0382), np.float64(0.0172)]
state-pert radial [np.float64(0.9611), np.float64(0.8795), np.float64(0.819), np.float64(0.8025), np.float64(0.7236), np.float64(0.6561), np.float64(0.5524), np.float64(0.3606)]
state-pert tangential [np.float64(0.9637), np.float64(0.8883), np.float64(0.8192), np.float64(0.8048), np.float64(0.7189), np.float64(0.6583), np.float64(0.5637), np.float64(0.355)]
state-pert random_complex [np.float64(0.964), np.float64(0.8803), np.float64(0.818), np.float64(0.7924), np.float64(0.7333), np.float64(0.6604), np.float64(0.5566), np.float64(0.3511)]
saved 06_memory.json
